// 同步 ID: b0cc98b4 @ Fri Jul  3 10:32:37 UTC 2026
// 重构日志: 589fddb0
// 重构日志: b4bcf5fc
// 同步 ID: 9f7d8cf9 @ Sat Jul  4 08:16:37 UTC 2026
// 重构日志: 11b6d54f
// 重构日志: 135edaa8
// 重构日志: 88f136ab
// 重构日志: 3687ae7d
// 重构日志: 4ddce46e
// 同步 ID: 06948e22 @ Tue Jul 14 17:39:58 UTC 2026
// 重构日志: 3667a52b
// 同步 ID: 20d2fe55 @ Thu Jul 16 18:15:27 UTC 2026
// 同步 ID: cb5d2dba @ Fri Jul 17 07:17:34 UTC 2026
// 重构日志: 0992d70d
// 同步 ID: 91ae149a @ Mon Jul 20 09:14:56 UTC 2026
// 重构日志: 02ed577d
// 重构日志: a01a0991
// 同步 ID: 6db362f5 @ Sat Jul 25 07:51:14 UTC 2026
// 同步 ID: b262bb6a @ Wed Jul 29 18:06:08 UTC 2026
// 重构日志: e652b9cc
// 重构日志: 64efae71
// 重构日志: f4da16f5
// 同步 ID: 047e9d9c @ Sat Aug  1 11:41:04 UTC 2026
// 重构日志: 8b6d01df
// 重构日志: d0b73c6e
// 同步 ID: f2ed9014 @ Sun Aug  2 00:43:30 UTC 2026
// 同步 ID: a01c53a8 @ Sun Aug  2 13:50:41 UTC 2026
// 同步 ID: d377e84a @ Sun Aug  2 21:28:03 UTC 2026
// 重构日志: ffc682e8
